src/components/screens/SummaryScreen.tsx(2,25): error TS6133: 'Download' is declared but its value is never read.
src/components/Timeline.tsx(1,32): error TS2307: Cannot find module '../../store/useCodeSession' or its corresponding type declarations.
src/components/Timeline.tsx(32,30): error TS7006: Parameter 'event' implicitly has an 'any' type.
